Introduce el programa fuente
> Error: Instruccion incorrecta
> > > > El programa introducido es:
0: PUSH 65
1: OUT
2: HALT
> Error: Comando no reconocido
> Comienza la ejecucion de  PUSH 65
El estado de la maquina tras ejecutar la instruccion es:
Memoria: <vacia>
Pila de operandos: 65
Comienza la ejecucion de  OUT
A
El estado de la maquina tras ejecutar la instruccion es:
Memoria: <vacia>
Pila de operandos: <vacia>
Comienza la ejecucion de  HALT
El estado de la maquina tras ejecutar la instruccion es:
Memoria: <vacia>
Pila de operandos: <vacia>
> 